127.0.0.1 - - [20/Mar/2024:11:55:28 +0900] "GET / HTTP/1.1" 404 807
0:0:0:0:0:0:0:1 - - [20/Mar/2024:11:55:28 +0900] "GET /pro25/WEB-INF/classes/mybatis/SqlMapConfig.xml HTTP/1.1" 404 869
127.0.0.1 - - [20/Mar/2024:12:04:46 +0900] "GET / HTTP/1.1" 404 807
127.0.0.1 - - [20/Mar/2024:12:19:17 +0900] "GET / HTTP/1.1" 404 807
127.0.0.1 - - [20/Mar/2024:12:21:29 +0900] "GET / HTTP/1.1" 404 807
127.0.0.1 - - [20/Mar/2024:12:23:49 +0900] "GET / HTTP/1.1" 404 807
127.0.0.1 - - [20/Mar/2024:12:24:10 +0900] "GET / HTTP/1.1" 404 807
127.0.0.1 - - [20/Mar/2024:12:25:34 +0900] "GET / HTTP/1.1" 404 807
127.0.0.1 - - [20/Mar/2024:12:25:55 +0900] "GET / HTTP/1.1" 404 807
127.0.0.1 - - [20/Mar/2024:12:26:41 +0900] "GET / HTTP/1.1" 404 807
127.0.0.1 - - [20/Mar/2024:12:27:31 +0900] "GET / HTTP/1.1" 404 807
127.0.0.1 - - [20/Mar/2024:12:27:55 +0900] "GET / HTTP/1.1" 404 807
127.0.0.1 - - [20/Mar/2024:12:28:17 +0900] "GET / HTTP/1.1" 404 807
127.0.0.1 - - [20/Mar/2024:12:28:52 +0900] "GET / HTTP/1.1" 404 807
127.0.0.1 - - [20/Mar/2024:12:29:57 +0900] "GET / HTTP/1.1" 404 807
127.0.0.1 - - [20/Mar/2024:12:30:16 +0900] "GET / HTTP/1.1" 404 807
127.0.0.1 - - [20/Mar/2024:12:30:54 +0900] "GET / HTTP/1.1" 404 807
127.0.0.1 - - [20/Mar/2024:12:32:03 +0900] "GET / HTTP/1.1" 404 807
0:0:0:0:0:0:0:1 - - [20/Mar/2024:12:32:41 +0900] "GET /pro25/WEB-INF/views/result.jsp HTTP/1.1" 404 721
0:0:0:0:0:0:0:1 - - [20/Mar/2024:12:32:52 +0900] "GET /pro25/account/sendMoney.do HTTP/1.1" 404 721
127.0.0.1 - - [20/Mar/2024:12:33:30 +0900] "GET / HTTP/1.1" 404 807
0:0:0:0:0:0:0:1 - - [20/Mar/2024:12:33:43 +0900] "GET /pro25/account/sendMoney.do HTTP/1.1" 404 721
127.0.0.1 - - [20/Mar/2024:12:34:12 +0900] "GET / HTTP/1.1" 404 807
0:0:0:0:0:0:0:1 - - [20/Mar/2024:12:34:13 +0900] "GET /pro25/WEB-INF/views/result.jsp HTTP/1.1" 404 721
127.0.0.1 - - [20/Mar/2024:12:36:18 +0900] "GET / HTTP/1.1" 404 807
0:0:0:0:0:0:0:1 - - [20/Mar/2024:12:36:30 +0900] "GET /pro25/account/sendMoney.do HTTP/1.1" 404 721
0:0:0:0:0:0:0:1 - - [20/Mar/2024:12:36:31 +0900] "GET /pro25/account/sendMoney.do HTTP/1.1" 404 721
0:0:0:0:0:0:0:1 - - [20/Mar/2024:12:36:31 +0900] "GET /pro25/account/sendMoney.do HTTP/1.1" 404 721
127.0.0.1 - - [20/Mar/2024:12:36:55 +0900] "GET / HTTP/1.1" 404 807
127.0.0.1 - - [20/Mar/2024:12:40:54 +0900] "GET / HTTP/1.1" 404 807
0:0:0:0:0:0:0:1 - - [20/Mar/2024:12:40:57 +0900] "GET /pro25/account/sendMoney.do HTTP/1.1" 404 721
0:0:0:0:0:0:0:1 - - [20/Mar/2024:12:40:58 +0900] "GET /pro25/account/sendMoney.do HTTP/1.1" 404 721
0:0:0:0:0:0:0:1 - - [20/Mar/2024:12:40:58 +0900] "GET /pro25/account/sendMoney.do HTTP/1.1" 404 721
0:0:0:0:0:0:0:1 - - [20/Mar/2024:12:40:58 +0900] "GET /pro25/account/sendMoney.do HTTP/1.1" 404 721
0:0:0:0:0:0:0:1 - - [20/Mar/2024:12:40:59 +0900] "GET /pro25/account/sendMoney.do HTTP/1.1" 404 721
127.0.0.1 - - [20/Mar/2024:12:44:44 +0900] "GET / HTTP/1.1" 404 807
0:0:0:0:0:0:0:1 - - [20/Mar/2024:12:44:45 +0900] "GET /pro25/account/sendMoney.do HTTP/1.1" 404 721
127.0.0.1 - - [20/Mar/2024:13:07:36 +0900] "GET / HTTP/1.1" 404 807
127.0.0.1 - - [20/Mar/2024:13:08:41 +0900] "GET / HTTP/1.1" 404 807
127.0.0.1 - - [20/Mar/2024:13:09:06 +0900] "GET / HTTP/1.1" 404 807
127.0.0.1 - - [20/Mar/2024:13:58:11 +0900] "GET / HTTP/1.1" 404 807
0:0:0:0:0:0:0:1 - - [20/Mar/2024:14:21:33 +0900] "GET /pro25/WEB-INF/config/action-mybatis.xml HTTP/1.1" 404 721
0:0:0:0:0:0:0:1 - - [20/Mar/2024:14:21:51 +0900] "GET /pro25/account/sendMoney.do HTTP/1.1" 404 721
0:0:0:0:0:0:0:1 - - [20/Mar/2024:14:22:42 +0900] "GET /pro25/account/sendMoney.do HTTP/1.1" 404 721
127.0.0.1 - - [20/Mar/2024:14:32:21 +0900] "GET / HTTP/1.1" 404 807
0:0:0:0:0:0:0:1 - - [20/Mar/2024:14:32:30 +0900] "GET /pro25/account/sendMoney.do HTTP/1.1" 404 721
127.0.0.1 - - [20/Mar/2024:14:32:46 +0900] "GET / HTTP/1.1" 404 807
0:0:0:0:0:0:0:1 - - [20/Mar/2024:14:32:50 +0900] "GET /pro25/account/sendMoney.do HTTP/1.1" 404 721
0:0:0:0:0:0:0:1 - - [20/Mar/2024:14:32:50 +0900] "GET /pro25/account/sendMoney.do HTTP/1.1" 404 721
0:0:0:0:0:0:0:1 - - [20/Mar/2024:14:32:51 +0900] "GET /pro25/account/sendMoney.do HTTP/1.1" 404 721
0:0:0:0:0:0:0:1 - - [20/Mar/2024:14:32:51 +0900] "GET /pro25/account/sendMoney.do HTTP/1.1" 404 721
0:0:0:0:0:0:0:1 - - [20/Mar/2024:14:32:51 +0900] "GET /pro25/account/sendMoney.do HTTP/1.1" 404 721
0:0:0:0:0:0:0:1 - - [20/Mar/2024:14:32:51 +0900] "GET /pro25/account/sendMoney.do HTTP/1.1" 404 721
127.0.0.1 - - [20/Mar/2024:14:38:03 +0900] "GET / HTTP/1.1" 404 807
0:0:0:0:0:0:0:1 - - [20/Mar/2024:14:38:03 +0900] "GET /pro25/WEB-INF/views/account/result.jsp HTTP/1.1" 404 721
127.0.0.1 - - [20/Mar/2024:14:40:05 +0900] "GET / HTTP/1.1" 404 807
127.0.0.1 - - [20/Mar/2024:14:41:24 +0900] "GET / HTTP/1.1" 404 807
127.0.0.1 - - [20/Mar/2024:14:44:00 +0900] "GET / HTTP/1.1" 404 807
0:0:0:0:0:0:0:1 - - [20/Mar/2024:14:44:01 +0900] "GET /pro25/WEB-INF/views/account/result.jsp HTTP/1.1" 404 721
0:0:0:0:0:0:0:1 - - [20/Mar/2024:14:44:02 +0900] "GET /pro25/WEB-INF/views/account/result.jsp HTTP/1.1" 404 721
0:0:0:0:0:0:0:1 - - [20/Mar/2024:14:44:02 +0900] "GET /pro25/WEB-INF/views/account/result.jsp HTTP/1.1" 404 721
0:0:0:0:0:0:0:1 - - [20/Mar/2024:14:44:02 +0900] "GET /pro25/WEB-INF/views/account/result.jsp HTTP/1.1" 404 721
0:0:0:0:0:0:0:1 - - [20/Mar/2024:14:44:03 +0900] "GET /pro25/WEB-INF/views/account/result.jsp HTTP/1.1" 404 721
127.0.0.1 - - [20/Mar/2024:14:45:26 +0900] "GET / HTTP/1.1" 404 807
0:0:0:0:0:0:0:1 - - [20/Mar/2024:14:46:21 +0900] "GET /pro25/account/sendMoney.do HTTP/1.1" 200 141
127.0.0.1 - - [20/Mar/2024:15:09:08 +0900] "GET / HTTP/1.1" 404 807
127.0.0.1 - - [20/Mar/2024:15:10:06 +0900] "GET / HTTP/1.1" 404 807
0:0:0:0:0:0:0:1 - - [20/Mar/2024:15:10:19 +0900] "GET /pro26/hi.do HTTP/1.1" 200 128
0:0:0:0:0:0:0:1 - - [20/Mar/2024:15:10:29 +0900] "GET /pro26/hi.do HTTP/1.1" 200 130
0:0:0:0:0:0:0:1 - - [20/Mar/2024:15:20:18 +0900] "GET /pro26/hi.do HTTP/1.1" 200 134
127.0.0.1 - - [20/Mar/2024:15:20:51 +0900] "GET / HTTP/1.1" 404 807
0:0:0:0:0:0:0:1 - - [20/Mar/2024:15:20:54 +0900] "GET /pro26/hi.do HTTP/1.1" 404 831
127.0.0.1 - - [20/Mar/2024:15:22:51 +0900] "GET / HTTP/1.1" 404 807
0:0:0:0:0:0:0:1 - - [20/Mar/2024:15:22:53 +0900] "GET /pro26/hi.do HTTP/1.1" 200 134
0:0:0:0:0:0:0:1 - - [20/Mar/2024:15:22:55 +0900] "GET /pro26/hi2.do HTTP/1.1" 200 145
127.0.0.1 - - [20/Mar/2024:15:26:30 +0900] "GET / HTTP/1.1" 404 807
0:0:0:0:0:0:0:1 - - [20/Mar/2024:15:26:33 +0900] "GET /pro26/hi2.do HTTP/1.1" 404 721
0:0:0:0:0:0:0:1 - - [20/Mar/2024:15:26:34 +0900] "GET /pro26/hi2.do HTTP/1.1" 404 721
0:0:0:0:0:0:0:1 - - [20/Mar/2024:15:26:34 +0900] "GET /pro26/hi2.do HTTP/1.1" 404 721
0:0:0:0:0:0:0:1 - - [20/Mar/2024:15:26:34 +0900] "GET /pro26/hi2.do HTTP/1.1" 404 721
127.0.0.1 - - [20/Mar/2024:15:26:56 +0900] "GET / HTTP/1.1" 404 807
0:0:0:0:0:0:0:1 - - [20/Mar/2024:15:26:57 +0900] "GET /pro26/hi2.do HTTP/1.1" 200 145
127.0.0.1 - - [20/Mar/2024:15:27:38 +0900] "GET / HTTP/1.1" 404 807
0:0:0:0:0:0:0:1 - - [20/Mar/2024:15:27:43 +0900] "GET /pro26/hi2.do HTTP/1.1" 200 145
0:0:0:0:0:0:0:1 - - [20/Mar/2024:15:27:43 +0900] "GET /pro26/hi2.do HTTP/1.1" 200 145
0:0:0:0:0:0:0:1 - - [20/Mar/2024:15:27:47 +0900] "GET /pro26/dkssud.do HTTP/1.1" 404 721
127.0.0.1 - - [20/Mar/2024:15:28:07 +0900] "GET / HTTP/1.1" 404 807
0:0:0:0:0:0:0:1 - - [20/Mar/2024:15:28:08 +0900] "GET /pro26/dkssud.do HTTP/1.1" 200 137
0:0:0:0:0:0:0:1 - - [20/Mar/2024:15:28:58 +0900] "GET /pro26/hi.do HTTP/1.1" 200 134
0:0:0:0:0:0:0:1 - - [20/Mar/2024:15:29:02 +0900] "GET /pro26/hi2.do HTTP/1.1" 200 145
127.0.0.1 - - [20/Mar/2024:15:32:56 +0900] "GET / HTTP/1.1" 404 807
0:0:0:0:0:0:0:1 - - [20/Mar/2024:15:33:01 +0900] "GET /pro26/yaho/dkssud.do HTTP/1.1" 200 137
127.0.0.1 - - [20/Mar/2024:15:36:11 +0900] "GET / HTTP/1.1" 404 807
0:0:0:0:0:0:0:1 - - [20/Mar/2024:15:36:11 +0900] "GET /pro26/yaho/dkssud.do HTTP/1.1" 500 4417
0:0:0:0:0:0:0:1 - - [20/Mar/2024:15:36:31 +0900] "GET /pro26/yaho/dkssud.do HTTP/1.1" 500 4417
0:0:0:0:0:0:0:1 - - [20/Mar/2024:15:36:34 +0900] "GET /pro26//yaho/dkssud.do HTTP/1.1" 500 4417
0:0:0:0:0:0:0:1 - - [20/Mar/2024:15:36:47 +0900] "GET /pro26/yaho/dkssud.do HTTP/1.1" 500 4417
0:0:0:0:0:0:0:1 - - [20/Mar/2024:15:36:51 +0900] "GET /pro26/hi2.do HTTP/1.1" 404 721
0:0:0:0:0:0:0:1 - - [20/Mar/2024:15:36:52 +0900] "GET /pro26/yaho/dkssud.do HTTP/1.1" 500 4417
0:0:0:0:0:0:0:1 - - [20/Mar/2024:15:36:53 +0900] "GET /pro26/yaho/dkssud.do HTTP/1.1" 500 4417
0:0:0:0:0:0:0:1 - - [20/Mar/2024:15:36:53 +0900] "GET /pro26/yaho/dkssud.do HTTP/1.1" 500 4417
0:0:0:0:0:0:0:1 - - [20/Mar/2024:15:36:55 +0900] "GET /pro26/yaho/dkssud.do HTTP/1.1" 500 4417
127.0.0.1 - - [20/Mar/2024:15:37:10 +0900] "GET / HTTP/1.1" 404 807
0:0:0:0:0:0:0:1 - - [20/Mar/2024:15:37:13 +0900] "GET /pro26/yaho/dkssud.do HTTP/1.1" 200 137
0:0:0:0:0:0:0:1 - - [20/Mar/2024:15:37:48 +0900] "GET /pro26/yaho/dkssud.do HTTP/1.1" 200 133
127.0.0.1 - - [20/Mar/2024:15:38:22 +0900] "GET / HTTP/1.1" 404 807
0:0:0:0:0:0:0:1 - - [20/Mar/2024:15:38:28 +0900] "GET /pro26/yaho/dkssud.do HTTP/1.1" 200 133
0:0:0:0:0:0:0:1 - - [20/Mar/2024:15:38:45 +0900] "GET /pro26/dkssud.do HTTP/1.1" 200 137
0:0:0:0:0:0:0:1 - - [20/Mar/2024:15:38:49 +0900] "GET /pro26/hi.do HTTP/1.1" 200 134
127.0.0.1 - - [20/Mar/2024:15:39:35 +0900] "GET / HTTP/1.1" 404 807
0:0:0:0:0:0:0:1 - - [20/Mar/2024:15:39:40 +0900] "GET /pro26/hi.do HTTP/1.1" 404 721
0:0:0:0:0:0:0:1 - - [20/Mar/2024:15:39:48 +0900] "GET /pro26/yahoyaho/hi.do HTTP/1.1" 200 134
0:0:0:0:0:0:0:1 - - [20/Mar/2024:15:40:43 +0900] "GET /pro26/yahoyaho/hi.do HTTP/1.1" 200 134
0:0:0:0:0:0:0:1 - - [20/Mar/2024:15:40:43 +0900] "GET /pro26/yahoyaho/hi.do HTTP/1.1" 200 134
0:0:0:0:0:0:0:1 - - [20/Mar/2024:15:40:43 +0900] "GET /pro26/yahoyaho/hi.do HTTP/1.1" 200 134
0:0:0:0:0:0:0:1 - - [20/Mar/2024:15:40:47 +0900] "GET /pro26/yahoyaho/hi2.do HTTP/1.1" 200 145
0:0:0:0:0:0:0:1 - - [20/Mar/2024:15:40:50 +0900] "GET /pro26/yahoyaho/hi3.do HTTP/1.1" 200 137
0:0:0:0:0:0:0:1 - - [20/Mar/2024:15:41:03 +0900] "GET /pro26/yahoyaho/hi4.do HTTP/1.1" 200 133
0:0:0:0:0:0:0:1 - - [20/Mar/2024:15:41:06 +0900] "GET /pro26/yahoyaho/hi4.do HTTP/1.1" 200 133
0:0:0:0:0:0:0:1 - - [20/Mar/2024:15:41:14 +0900] "GET /pro26/yahoyaho/yaho/hi4.do HTTP/1.1" 200 133
0:0:0:0:0:0:0:1 - - [20/Mar/2024:15:41:17 +0900] "GET /pro26/yahoyaho/yaho/hi4.do HTTP/1.1" 200 133
0:0:0:0:0:0:0:1 - - [20/Mar/2024:15:41:20 +0900] "GET /pro26/yahoyaho/hi4.do HTTP/1.1" 404 721
127.0.0.1 - - [20/Mar/2024:15:43:36 +0900] "GET / HTTP/1.1" 404 807
0:0:0:0:0:0:0:1 - - [20/Mar/2024:15:43:43 +0900] "GET /pro26/yahoyaho/hi.do HTTP/1.1" 200 134
127.0.0.1 - - [20/Mar/2024:15:47:50 +0900] "GET / HTTP/1.1" 404 807
0:0:0:0:0:0:0:1 - - [20/Mar/2024:15:47:55 +0900] "GET /pro26/yahoyaho/hi22.do HTTP/1.1" 500 10133
0:0:0:0:0:0:0:1 - - [20/Mar/2024:15:48:21 +0900] "GET /pro26/yahoyaho/hi22.do HTTP/1.1" 200 134
127.0.0.1 - - [20/Mar/2024:15:55:05 +0900] "GET / HTTP/1.1" 404 807
0:0:0:0:0:0:0:1 - - [20/Mar/2024:15:55:09 +0900] "GET /pro26/yahoyaho/hi.do HTTP/1.1" 200 147
0:0:0:0:0:0:0:1 - - [20/Mar/2024:15:55:42 +0900] "GET /pro26/yahoyaho/hi.do HTTP/1.1" 200 174
127.0.0.1 - - [20/Mar/2024:15:59:24 +0900] "GET / HTTP/1.1" 404 807
127.0.0.1 - - [20/Mar/2024:16:08:22 +0900] "GET / HTTP/1.1" 404 807
127.0.0.1 - - [20/Mar/2024:16:10:54 +0900] "GET / HTTP/1.1" 404 807
127.0.0.1 - - [20/Mar/2024:16:21:16 +0900] "GET / HTTP/1.1" 404 807
127.0.0.1 - - [20/Mar/2024:16:21:28 +0900] "GET / HTTP/1.1" 404 807
127.0.0.1 - - [20/Mar/2024:16:22:20 +0900] "GET / HTTP/1.1" 404 807
127.0.0.1 - - [20/Mar/2024:16:23:17 +0900] "GET / HTTP/1.1" 404 807
127.0.0.1 - - [20/Mar/2024:16:23:40 +0900] "GET / HTTP/1.1" 404 807
127.0.0.1 - - [20/Mar/2024:16:24:02 +0900] "GET / HTTP/1.1" 404 807
127.0.0.1 - - [20/Mar/2024:16:24:42 +0900] "GET / HTTP/1.1" 404 807
127.0.0.1 - - [20/Mar/2024:16:25:36 +0900] "GET / HTTP/1.1" 404 807
127.0.0.1 - - [20/Mar/2024:16:26:16 +0900] "GET / HTTP/1.1" 404 807
127.0.0.1 - - [20/Mar/2024:16:26:32 +0900] "GET / HTTP/1.1" 404 807
0:0:0:0:0:0:0:1 - - [20/Mar/2024:16:26:41 +0900] "GET /pro26/yahoyaho/hi.do HTTP/1.1" 200 256
